	                            ;----------------------------------------------------------------
	                            ; iNES header
	                            ;----------------------------------------------------------------
	                            
	                              .inesprg 1   ; 1x 16KB PRG code
	                              .ineschr 1   ; 1x  8KB CHR data
	                              .inesmap 0   ; mapper 0 = NROM, no bank swapping
	                              .inesmir 1   ; background mirroring
	                            
	                            ;----------------------------------------------------------------
	                            ; constants
	                            ;----------------------------------------------------------------
	                            
	                            ;----------------------------------------------------------------
	                            ; variables
	                            ;----------------------------------------------------------------
	                            
	                              .enum $0000
00000                             .ende
	                              .base $10000-($4000)
0C000                           
0C000                           RESET:
0C000                           NMI:
0C000                           teste:
0C000 AA                          TAX
0C001 AA                          TAX
0C002 20 05 C0                    JSR teste3
0C005                           teste3:
0C005 AA                          TAX
0C006 AA                          TAX
0C007 AA                          TAX
0C008 AA                          TAX
0C009 70 03                       BVS final
0C00B                           teste2:
0C00B AA                          TAX
0C00C AA                          TAX
0C00D 60                          RTS
0C00E                           final:
0C00E                           
0C00E                           ;----------------------------------------------------------------
0C00E                           ; interrupt vectors
0C00E                           ;----------------------------------------------------------------
0C00E                           
0C00E 00 00 00 00 00 00 00 00..   .org $FFFA     ;first of the three vectors starts here
0FFFA 00 C0                       .dw NMI        ;when an NMI happens (once per frame if enabled) the
0FFFC                                              ;processor will jump to the label NMI:
0FFFC 00 C0                       .dw RESET      ;when the processor first turns on or is reset, it will jump
0FFFE                                              ;to the label RESET:
0FFFE 00 00                       .dw 0          ;external interrupt IRQ is not used in this tutorial
10000                           
10000                           ;----------------------------------------------------------------
10000                           ; CHR-ROM bank
10000                           ;----------------------------------------------------------------
